# serializer version: 1
# name: TestIsolatePlan.test_serialize_plan[accessions0-MonopartitePlan]
  dict({
    'length': 7424,
    'name': None,
  })
# ---
# name: TestIsolatePlan.test_serialize_plan[accessions1-MultipartitePlan]
  dict({
    'segments': list([
      dict({
        'length': 1090,
        'name': dict({
          'key': 'N',
          'prefix': 'DNA',
        }),
        'required': 'required',
      }),
      dict({
        'length': 1057,
        'name': dict({
          'key': 'U3',
          'prefix': 'DNA',
        }),
        'required': 'required',
      }),
      dict({
        'length': 1087,
        'name': dict({
          'key': 'S',
          'prefix': 'DNA',
        }),
        'required': 'required',
      }),
      dict({
        'length': 1074,
        'name': dict({
          'key': 'M',
          'prefix': 'DNA',
        }),
        'required': 'required',
      }),
      dict({
        'length': 1015,
        'name': dict({
          'key': 'C',
          'prefix': 'DNA',
        }),
        'required': 'required',
      }),
      dict({
        'length': 1099,
        'name': dict({
          'key': 'R',
          'prefix': 'DNA',
        }),
        'required': 'required',
      }),
    ]),
  })
# ---
