# serializer version: 1
# name: TestAssignRecordsToSegments.test_fail[223262]
  'Segment names not found in plan: DNA G, RNA N5.'
# ---
# name: TestAssignRecordsToSegments.test_fail[3158377]
  'Segment names not found in plan: DNA G, RNA A, RNA N5, Segment I3, Segment W4, Segment X.'
# ---
# name: TestAssignRecordsToSegments.test_ok[223262]
  dict({
    UUID('016e795b-f106-49cf-bdc5-fab1a978ccd9'): NCBIGenbank(accession='NC_907439', accession_version='NC_907439.2', strandedness=<Strandedness.SINGLE: 'single'>, moltype=<MolType.DNA: 'DNA'>, topology=<Topology.LINEAR: 'linear'>, definition='XUbbCWtlvblwzmmlxpbR', organism='East African cassava mosaic Cameroon virus', sequence='KACGTGGHCDCYATHCSTGCGTCTGGGACAAGTGCTGCCCATAAKCTTGTYCCGTGBSCAGAWCTCSTGTACGTCGCCAACGMASAGCGTTGATATWCCTGCATTGTTGHDTHTTABTCTGHCGCCAGGCTGAAAAAYTACACGCARCGGGCAAACGCCSTCACTTAGGCATTATCYGCGCAAAACTTCTTATSGGCCGTTTNAAACKACCWTTCAGAATCATGGAGCACGAGTDGCGCGTATAGKGTTTATCCTGGGGCTAAATGAGACTTDAAGCKTACGAAGTTGGAAGTCGAGTCCAAAGTGGCAACGGGCCCSVATCAGTGGTTTTCAGACGMHAGCCAVTCAACATGKMCTTGBGTCGCDAKGCTCGATTCAGCAACCTATSGGCTCTGCNCATAGAHDCDGAGTGSRTYTCCATCYCTTCBCCAHTTAAATGGTGGATTAAGAGRACATCGCATGTGGTAGTCTGCAKTCNCGGGAKCCSGVGTCACGCDTCHGDAVTDTAGAGTTAAGAYGTGTCTACTACAATAGAACTTCTTAGYCCCATGNCTGTTCTCGTCTCGGTMMTTAGGCCMAWCAGGTTTAAGATTMBAGAGGCCGGTCTCAATCGHTTCTCTCAAAAACGGTAAGCGATGCCTACTACCAMGTACATGATTTTCTCGATGCDRCCGCKATCDAAAAATACYCCATAACGGGTGTTTTGATGTTAGAGCAKCTGCAGCCGCCAHNGATTTAATGCTTTGCAATGGCCTCTGTGACAACGTTCTVGTTCTCATAAAGSCGHGGAACCGGAGCTCRCGAACGTCTYACAGHTACTGACCCTTVABGCCGCNTGCNTTSMCCCCATAGHTATCATTCGAAAATTGCGGTGCAANGTAGWTSTTTTYAGWTTAAAGAAGACAATBAATACKGGGGNGAGGAACGATGCTCCACGATGMCGCGYGCGAGGTGGACTRACTTATTCRAGCWTCTCCCTAGGCCACCAGVACCAGGTCGAAACCCTTGGGAGTCGTGTATAGACTANTTCTAKTGGATAGBAKGGAMTACGCTMTATACATGTACSTAGGAHTCGCCCTAACGGCGGTTAGGTHATGCWCAGAGSAATGTTTCAGCGGGCCGCGCDTCGMCAWGAAGTGTCGYCTTGTGTCATACCCGGACCACWTTTHTTGGTCCSTTACTAATGCSCTCGKACATCGGGTGNCTTAACACCATAATACACCNATCCAAAGACGAGCG', source=NCBISource(taxid=223262, organism='East African cassava mosaic Cameroon virus', mol_type=<NCBISourceMolType.GENOMIC_DNA: 'genomic DNA'>, isolate='4_8217', host='squash', segment='DNA A', strain='', clone='', proviral=False, macronuclear=True, focus=False, transgenic=False), comment='igDQOHZPCKKQzoWnojLe', refseq=True),
    UUID('a1f7b2a7-45d9-4ff8-a131-b3e0ad718251'): NCBIGenbank(accession='K93863', accession_version='K93863.2', strandedness=<Strandedness.DOUBLE: 'double'>, moltype=<MolType.DNA: 'DNA'>, topology=<Topology.LINEAR: 'linear'>, definition='hxKeWhIbvvhFICWShkLu', organism='East African cassava mosaic Cameroon virus', sequence='TGTCAGACTGCCGTAGTGBCAGCTACARGGTKAGTAAAGTCCTCCKCGDGTTAGACCAAGCKRAGATTBCACCATGHGARCGAARTACVGTNGGCTRCMCYCTCTACGTGGGTNGCACARTTCCCCCGTCGAATAGAATCGNGCAACGTDCCCAASTATGTATCGTGHGATKGATTGATGGACCGTHAAACATAABTDGAMAVATCAGAGACATCTTCAAGTMTCAAACCWTGTATGGWGCCCCGCGCCGGCCGCTTCACGTTGKGCTTCTGAGGTATCGGAAAVCAGBCTBGAGCCTTTCCGAASCCCTTAAVGGAGTCGATCGCTCCTCTATACCGGGVTTTACCAKHAAAGGAACTAAAATCTTAGTCCTTAACGAARAGGAGAATTCTGCAAGAWGATTTTATATCGCCGTTTGGYCAAGGCKMGTCTTCAAACGGACCAACTCAGTTCGYGGAACVGATB', source=NCBISource(taxid=223262, organism='East African cassava mosaic Cameroon virus', mol_type=<NCBISourceMolType.GENOMIC_DNA: 'genomic DNA'>, isolate='6Eritrea', host='grapevine', segment='DNA B', strain='', clone='', proviral=False, macronuclear=False, focus=False, transgenic=False), comment='ATSOGIrgXboFYkmSrusc', refseq=False),
  })
# ---
# name: TestAssignRecordsToSegments.test_ok[3158377]
  dict({
    UUID('5a3a379e-533d-42df-b1ce-099bc9066e4c'): NCBIGenbank(accession='NC_934447', accession_version='NC_934447.2', strandedness=<Strandedness.DOUBLE: 'double'>, moltype=<MolType.DNA: 'DNA'>, topology=<Topology.CIRCULAR: 'circular'>, definition='GOsuddzxpnRRJzwTwNWL', organism='abaca bunchy top virus', sequence='GGTABATTTTGTTANGCAACGTTGACCBAATATSATGAMCAAATGARKATGCCCGTAARCGATAGGYVTTCCGYGAACGTTAGWTCAGATCAGCTCCCCAAACCGCCTGTCAGCTNCTCAATAGCMTGACCTTNCAGGCTHYTGCANTAAGTCACACATCCCTCGGCCGRTDCAATGCCAGGASYTCGCGGCGGTTCTBATGTGTDCGYAABGCTGTCRTACGGAGTGGAAGGTCCAGHCGSNHGACMTCCNTCGTACGAGCNTGGAGSTTGTGGTGATTGAAACCHCATNCTCGTGAGKVAMGTTCTGACSACTAGCACAACTGCTCCATCCGTAWTWATCAGTNACAACCYMTAGTTTATGGTCCRTCAAATGCTTGASCAACGATTVATHTGCGCGTMGGTGCCCGAAAAACAATYTCGCCGTGATNTGGTACCTGCTCTCGGGCGGATAAGAGGTCGGGAGGCGCTCACVCTGGGTCCCTGTTTATYGTNGT', source=NCBISource(taxid=3158377, organism='abaca bunchy top virus', mol_type=<NCBISourceMolType.GENOMIC_DNA: 'genomic DNA'>, isolate='Johnson_GN', host='squash', segment='DNA M', strain='tell-rest', clone='', proviral=False, macronuclear=False, focus=False, transgenic=False), comment='VqinUmRJuheyLPVpuaZg', refseq=True),
    UUID('7079086b-b32d-48d1-a47f-267bc5c347bb'): NCBIGenbank(accession='NC_907439', accession_version='NC_907439.2', strandedness=<Strandedness.SINGLE: 'single'>, moltype=<MolType.DNA: 'DNA'>, topology=<Topology.LINEAR: 'linear'>, definition='XUbbCWtlvblwzmmlxpbR', organism='abaca bunchy top virus', sequence='KACGTGGHCDCYATHCSTGCGTCTGGGACAAGTGCTGCCCATAAKCTTGTYCCGTGBSCAGAWCTCSTGTACGTCGCCAACGMASAGCGTTGATATWCCTGCATTGTTGHDTHTTABTCTGHCGCCAGGCTGAAAAAYTACACGCARCGGGCAAACGCCSTCACTTAGGCATTATCYGCGCAAAACTTCTTATSGGCCGTTTNAAACKACCWTTCAGAATCATGGAGCACGAGTDGCGCGTATAGKGTTTATCCTGGGGCTAAATGAGACTTDAAGCKTACGAAGTTGGAAGTCGAGTCCAAAGTGGCAACGGGCCCSVATCAGTGGTTTTCAGACGMHAGCCAVTCAACATGKMCTTGBGTCGCDAKGCTCGATTCAGCAACCTATSGGCTCTGCNCATAGAHDCDGAGTGSRTYTCCATCYCTTCBCCAHTTAAATGGTGGATTAAGAGRACATCGCATGTGGTAGTCTGCAKTCNCGGGAKCCSGVGTCACGCDTCHGDAVTDTAGAGTTAAGAYGTGTCTACTACAATAGAACTTCTTAGYCCCATGNCTGTTCTCGTCTCGGTMMTTAGGCCMAWCAGGTTTAAGATTMBAGAGGCCGGTCTCAATCGHTTCTCTCAAAAACGGTAAGCGATGCCTACTACCAMGTACATGATTTTCTCGATGCDRCCGCKATCDAAAAATACYCCATAACGGGTGTTTTGATGTTAGAGCAKCTGCAGCCGCCAHNGATTTAATGCTTTGCAATGGCCTCTGTGACAACGTTCTVGTTCTCATAAAGSCGHGGAACCGGAGCTCRCGAACGTCTYACAGHTACTGACCCTTVABGCCGCNTGCNTTSMCCCCATAGHTATCATTCGAAAATTGCGGTGCAANGTAGWTSTTTTYAGWTTAAAGAAGACAATBAATACKGGGGNGAGGAACGATGCTCCACGATGMCGCGYGCGAGGTGGACTRACTTATTCRAGCWTCTCCCTAGGCCACCAGVACCAGGTCGAAACCCTTGGGAGTCGTGTATAGACTANTTCTAKTGGATAGBAKGGAMTACGCTMTATACATGTACSTAGGAHTCGCCCTAACGGCGGTTAGGTHATGCWCAGAGSAATGTTTCAGCGGGCCGCGCDTCGMCAWGAAGTGTCGYCTTGTGTCATACCCGGACCACWTTTHTTGGTCCSTTACTAATGCSCTCGKACATCGGGTGNCTTAACACCATAATACACCNATCCAAAGACGAGCG', source=NCBISource(taxid=3158377, organism='abaca bunchy top virus', mol_type=<NCBISourceMolType.GENOMIC_DNA: 'genomic DNA'>, isolate='4_8217', host='squash', segment='DNA N', strain='', clone='', proviral=False, macronuclear=True, focus=False, transgenic=False), comment='igDQOHZPCKKQzoWnojLe', refseq=True),
    UUID('773df54d-275b-4dcb-9432-7b9c1f5b6ffe'): NCBIGenbank(accession='NC_404705', accession_version='NC_404705.2', strandedness=<Strandedness.SINGLE: 'single'>, moltype=<MolType.DNA: 'DNA'>, topology=<Topology.LINEAR: 'linear'>, definition='oGnMioACeKggqRypNnCF', organism='abaca bunchy top virus', sequence='TGGACGTACATCACGCCAACTCACCGAGAKGGKATCTCGATGTAGTCACGTTGCCAGGATCAGATCARCTCGCCGTTACTWTGTATCCTTACGRCTGCGAGTCAAAAAGCANTGCTGDTTTGCAACAGCAACAHCTGCCGCAANCAA', source=NCBISource(taxid=3158377, organism='abaca bunchy top virus', mol_type=<NCBISourceMolType.GENOMIC_DNA: 'genomic DNA'>, isolate='Paraguay_Turner', host='tomato', segment='DNA C', strain='', clone='', proviral=False, macronuclear=False, focus=False, transgenic=False), comment='fnIWDzVgUHmNjExfWktH', refseq=True),
    UUID('986487e2-fc3d-4cc0-84a3-18b65e46563d'): NCBIGenbank(accession='NC_761067', accession_version='NC_761067.2', strandedness=<Strandedness.DOUBLE: 'double'>, moltype=<MolType.DNA: 'DNA'>, topology=<Topology.LINEAR: 'linear'>, definition='YapytkYCWAOHhKMLzcRY', organism='abaca bunchy top virus', sequence='GATTTCCGCTAVGAMGAGTAAAGASGGAVTGHTAGTTACAAGACTCGGATTAATGTTRAGCGCTTGDTMMATTCGCATGGCCCAATTGCTCCATGTGCTACAACGGCGTGGTACGTGCTTCAATATTGAHCHATCACCGCCCAADACGCAGRAGACGTTTMTCTHCTGGTGTBCACCCTGGBAVTACCTGCTAACTGCTGTCAAGAGGACGGCSGGATCTTTAWTGTGTTTGTGAT', source=NCBISource(taxid=3158377, organism='abaca bunchy top virus', mol_type=<NCBISourceMolType.GENOMIC_DNA: 'genomic DNA'>, isolate='HallKG', host='garlic', segment='DNA R', strain='', clone='', proviral=False, macronuclear=False, focus=False, transgenic=False), comment='ZEFMaXruxCtzfUVUZWym', refseq=True),
    UUID('d9ba6203-c8c3-4d43-a23b-1c1232e2888d'): NCBIGenbank(accession='K93863', accession_version='K93863.2', strandedness=<Strandedness.DOUBLE: 'double'>, moltype=<MolType.DNA: 'DNA'>, topology=<Topology.LINEAR: 'linear'>, definition='hxKeWhIbvvhFICWShkLu', organism='abaca bunchy top virus', sequence='TGTCAGACTGCCGTAGTGBCAGCTACARGGTKAGTAAAGTCCTCCKCGDGTTAGACCAAGCKRAGATTBCACCATGHGARCGAARTACVGTNGGCTRCMCYCTCTACGTGGGTNGCACARTTCCCCCGTCGAATAGAATCGNGCAACGTDCCCAASTATGTATCGTGHGATKGATTGATGGACCGTHAAACATAABTDGAMAVATCAGAGACATCTTCAAGTMTCAAACCWTGTATGGWGCCCCGCGCCGGCCGCTTCACGTTGKGCTTCTGAGGTATCGGAAAVCAGBCTBGAGCCTTTCCGAASCCCTTAAVGGAGTCGATCGCTCCTCTATACCGGGVTTTACCAKHAAAGGAACTAAAATCTTAGTCCTTAACGAARAGGAGAATTCTGCAAGAWGATTTTATATCGCCGTTTGGYCAAGGCKMGTCTTCAAACGGACCAACTCAGTTCGYGGAACVGATB', source=NCBISource(taxid=3158377, organism='abaca bunchy top virus', mol_type=<NCBISourceMolType.GENOMIC_DNA: 'genomic DNA'>, isolate='6Eritrea', host='grapevine', segment='DNA U3', strain='', clone='', proviral=False, macronuclear=False, focus=False, transgenic=False), comment='ATSOGIrgXboFYkmSrusc', refseq=False),
    UUID('dd46de05-6f66-4d43-b40d-82857b741e91'): NCBIGenbank(accession='GG223149', accession_version='GG223149.1', strandedness=<Strandedness.DOUBLE: 'double'>, moltype=<MolType.DNA: 'DNA'>, topology=<Topology.CIRCULAR: 'circular'>, definition='UCUCwTEyAswdkNgkiscs', organism='abaca bunchy top virus', sequence='TGATCCAGGGMAGCRGCTCCCMCTTGATGTNCTVYTTGGWTAATATCTGGCTTAAATGGAVACGACAACCCTCAGTTGGCCTGTTTCCGTGAAMATTGCCCGCTAATCTAAAGGCTGCCTCCTGACGGTTGCAGTCTAAACATCCCCWCCTTGGTGAACHCTTTGTGTTTATGGCGCTTAAGVGCAGTCVCSTTGTGCTGTAAAAATNCGMTCCGTGGRACGMATCATATCGGARNRTNTGACDTGCGTGTAGAATGWAGGATTTGSCTSAACDATCTGCGGCAGTGCACACNAGTGVTACATGGGTTCAAGGGTTMCGCTTCMTTDKAATTTGTAAGCAGTATGTTTGCAKTAAGCAWGTAACCGHCACCAGGTCWTNTGTAACGATGAGCATDACATTCCAYCAYGGWTACGTTCTHTDGVCTGAANCGATGTVGACACACCTTGAATGGTCGCATATCGCGACTGAACGACGACTACGGTCTGACANTDGTGAAGMHGWTSCAATGAATGAAGGTCGMCCTGTHAACCGTCATCATCATTCACGSCCTDGATGTATTACCTCGTSCCTCGCGATTAAAGTCGGCTGGCTACTACTAGAGCTACTTGGTCTTTGABTCGCCTCTDGATAGDGGATGATTAGGGTVCTAGACGCCATAATCTTKTAGCGTATCACAACACGHTGCGACYAAGTCCTTCTVTTCCAGCACCCGATATGCCGGACCCCATTTCMTCGGTAACTTAAWGTBSACCAGTAACCCTGTWTTTGTRGAGCTAGCHCACWTTATAGCCTCTTTTGACATCTCATACTGDGGCGACACATTACGTCTGTGKATAAAAATCGCATGTCBAAGTTTTCACGTGACGGCTTCBSCTTTCGGCTGAGTTGCCACAAAACGCATCGCTTTTTCTTGCVTRGCAGTTTCGTRAGYCCCGTCCAAAGCTTGCATATCTCTCTCAAGGWAAAACGCGGGCGGCAGACCTATCMACTACKGTSGCGGGATACGAMCTDAGASTGTCGCTGCGAGCCYTCCKCDAGACCTCACTGSTADDGKGCATTTAMGCATATAGTGCACCVSTCGGCACACGBGTCACGCCCGTTGCTCACGAGTNGAATGTCCSAGCCTTRTTCGTHTGTTACCTCCGAATATCWAATGTTGATCGCTYGAACTTTVGGAATCGTNGTTCGCMKTCGGGACACTGTTTATGAYCTAYCAGCCDGGTAGCCTCAACGTTATGHTGTCGGGTAAMAGAGBCTKTCCSTATCAGGTCGGTCACGCRATVATTCCCCTCGASCGWGGTTTAAGATTTAGCGCACCCTGTTCAAGCTCAKGCCGGGAGGCAACCT', source=NCBISource(taxid=3158377, organism='abaca bunchy top virus', mol_type=<NCBISourceMolType.GENOMIC_DNA: 'genomic DNA'>, isolate='', host='apple', segment='DNA S', strain='', clone='', proviral=False, macronuclear=False, focus=False, transgenic=False), comment='InAnuIGULLnEoHOjIfoM', refseq=False),
  })
# ---
