# serializer version: 1
# name: test_ncbi_genbank_factory
  list([
    dict({
      'accession': 'NC_914177',
      'accession_version': 'NC_914177.3',
      'comment': 'IPFaXVHtDTxOFvWvFcyb',
      'definition': 'PjpinXIHpKzfqrPnnLYY',
      'moltype': 'DNA',
      'organism': 'Maize bunchy top virus',
      'refseq': True,
      'sequence': 'GAAAGAGGCAHGCACTCTCATDGTGTSGTTAGAGBCAGHGCTTACTAACTCTGRAATVGTAGGMTGGCVTGAAYAGCGTTTGCBGACAAAGGGTCGTCAATGCKCTGGACAAGATVTAATGAYTDYTTCACAAVTCCTAYDDAACHCGCTCTTATVTCCSTTTTGGTTCCCTATACAACTGCGACGAWAGVGTACKTGAYATRGRGGGATAGCTADGCCGCTTTACTCATAATGTTCTACCCTGGTCCTTCRKTCAACGAGGTGGTGGCGGBCATACGAGGTCAGAHGCTYBAGGCGTKDTGTATAYBACTATTGAATACCGATCTCTGGGHCCGGCTTAGAGCDGHACCTCTCATCTTGGCCTAATCGGCVCGTGVTACCTATTTGCGGGCGCCCTCCSGGGGCTTGGCAGCCACGTTCACWGTGCAAGTAGCTCGACGGTCTCAGGTADGGARCTTGGACAHTYGCTCAAGTGTGGTATCAAACGAAGGDCTGAGATCTATGCCAGTCYNAGGTTCKTGGAYAACATACGRAAGATAAACGGGCTCDCTAMCTCCCATTAGTCGGGGTHAKGGAAGCTVACTATGGACAGAATGTAGGGTTTCTTGBCACTVGGGCGGTATCATCAGCTTTTGCCAYTTAHCYMDGKKGACCNGGGTSCTCHCAAGCRATGAACTATCCAAGCAGATGGTGCGGTGCSGGGNTAGGCCTGGCAGCATGAATGGDCCCCCGWTCTTCCCHACNGCTTSGCGKGTCGTGCTCATTAATGCTNTCGGTGCGCDGAADTATCWTGGACNCCTWDACTCATTCGGGGATCTCRAGATRACTGNTCGCAGTCAVCKDTCTGGTTGTAACCBCCATTGTATCTCAGGCATGCGGTCTAATACGCGTACGTAATCAAGVTCCATATGGAAGATTAAATMCTGTCTWTGCGCGTGCCCCTGCCACAATCTTCCTATCCCGGGATGAYAGAGGTGAGTTACT',
      'source': dict({
        'clone': '',
        'focus': True,
        'host': 'prunus',
        'isolate': '44-Jersey',
        'macronuclear': False,
        'mol_type': 'unassigned DNA',
        'organism': 'Maize bunchy top virus',
        'proviral': False,
        'segment': 'DNA A8',
        'strain': '',
        'taxid': 496185,
        'transgenic': False,
      }),
      'strandedness': 'single',
      'topology': 'linear',
    }),
    dict({
      'accession': 'NC_914177',
      'accession_version': 'NC_914177.3',
      'comment': 'edByzrBiKuuLRxEtRtsm',
      'definition': 'KQREBNCODYsyKWGfXTgc',
      'moltype': 'DNA',
      'organism': 'Maize bunchy top virus',
      'refseq': True,
      'sequence': 'TGTCGYCTTGTGTCATACCCGGACCACWTTTHTTGGTCCSTTACTAATGCSCTCGKACATCGGGTGNCTTAACACCATAATACACCNATCCAAAGACGAGCGAACGGCNGCGGGCTMTTAGATMTTTCAWBTACCCGTACGAMACATTACCCMGAAGTGATACTCTGAGCATTCAGAAKGATCGCTYVAWCCGCGGGVCCCTAACCTTTCTCCGAAGCTGGTTAGGGAACGTTTCCGVTAACGGSCCAGCATCCTTTBAWGATGGCCNACGTTCACACATMGATAGACTKCKYTACCTGTTTTTGGTGGTTGAGRWTACCTAGACGGACCTTCAGGAVTACGGCCARTCHCGCGTCMCTKCACAGATGCAWATTCTSACACBCCTCMCCCGGCTCACCGCCSGCGRGCATGTGTCTAGGCTCACTVAGAAGYTCATTTGGAGTCGAGTTTACGGGGCTTMHGGSTTATAGTCGTGTGGTAANTTGCSACGCTGGCAACCHMTGACCATAGACTGAAATGCCCTCCGATADGATACCAATTGATGATTGBAAATAAAGAGGSGCGGGGTTGKGTGAMGCTACTGTTTDTGTTTBCTTTACGACAAGTTTTCAATCAATGCAABCGTMTGCGTCATHGGGAGTCTGTTCAHACTAACCGCGGGTCAGAGTTAGACAGATGATCCAGGGMAGCRGCTCCCMCTTGATGTNCTVYTTGGWTAATATCTGGCTTAAATGGAVACGAC',
      'source': dict({
        'clone': '',
        'focus': True,
        'host': 'prunus',
        'isolate': '44-Jersey',
        'macronuclear': False,
        'mol_type': 'unassigned DNA',
        'organism': 'Maize bunchy top virus',
        'proviral': False,
        'segment': 'DNA A8',
        'strain': '',
        'taxid': 496185,
        'transgenic': False,
      }),
      'strandedness': 'double',
      'topology': 'circular',
    }),
  ])
# ---
